Example app listening at http://localhost:3001
nohup: can't execute 'app.js': No such file or directory
nohup: can't execute 'app.js': No such file or directory
Example app listening at http://localhost:3001
